// Jest Snapshot v1, https://goo.gl/fbAQLP

exports[`renders correctly 1`] = `
ShallowWrapper {
  "length": 1,
  Symbol(enzyme.__root__): [Circular],
  Symbol(enzyme.__unrendered__): <App
    createItem={[Function]}
    removeItem={[Function]}
    todos={
      Array [
        Object {
          "checked": false,
          "id": "id1",
          "text": "text1",
        },
        Object {
          "checked": false,
          "id": "id2",
          "text": "text2",
        },
      ]
    }
    toggleItem={[Function]}
  />,
  Symbol(enzyme.__renderer__): Object {
    "batchedUpdates": [Function],
    "getNode": [Function],
    "render": [Function],
    "simulateEvent": [Function],
    "unmount": [Function],
  },
  Symbol(enzyme.__node__): Object {
    "instance": null,
    "key": undefined,
    "nodeType": "class",
    "props": Object {
      "children": <Text
        accessible={true}
        allowFontScaling={true}
        ellipsizeMode="tail"
        style={
          Object {
            "fontSize": 24,
            "fontWeight": "bold",
            "paddingBottom": 5,
            "width": "100%",
          }
        }
      >
        Hello
      </Text>,
      "style": Object {
        "alignItems": "center",
        "backgroundColor": "#fff",
        "flex": 1,
        "justifyContent": "center",
      },
    },
    "ref": null,
    "rendered": Object {
      "instance": null,
      "key": undefined,
      "nodeType": "class",
      "props": Object {
        "accessible": true,
        "allowFontScaling": true,
        "children": "Hello",
        "ellipsizeMode": "tail",
        "style": Object {
          "fontSize": 24,
          "fontWeight": "bold",
          "paddingBottom": 5,
          "width": "100%",
        },
      },
      "ref": null,
      "rendered": "Hello",
      "type": [Function],
    },
    "type": [Function],
  },
  Symbol(enzyme.__nodes__): Array [
    Object {
      "instance": null,
      "key": undefined,
      "nodeType": "class",
      "props": Object {
        "children": <Text
          accessible={true}
          allowFontScaling={true}
          ellipsizeMode="tail"
          style={
            Object {
              "fontSize": 24,
              "fontWeight": "bold",
              "paddingBottom": 5,
              "width": "100%",
            }
          }
        >
          Hello
        </Text>,
        "style": Object {
          "alignItems": "center",
          "backgroundColor": "#fff",
          "flex": 1,
          "justifyContent": "center",
        },
      },
      "ref": null,
      "rendered": Object {
        "instance": null,
        "key": undefined,
        "nodeType": "class",
        "props": Object {
          "accessible": true,
          "allowFontScaling": true,
          "children": "Hello",
          "ellipsizeMode": "tail",
          "style": Object {
            "fontSize": 24,
            "fontWeight": "bold",
            "paddingBottom": 5,
            "width": "100%",
          },
        },
        "ref": null,
        "rendered": "Hello",
        "type": [Function],
      },
      "type": [Function],
    },
  ],
  Symbol(enzyme.__options__): Object {
    "adapter": ReactSixteenAdapter {
      "options": Object {
        "enableComponentDidUpdateOnSetState": true,
      },
    },
  },
}
`;
